Copyright 1986-2022 Xilinx, Inc. All Rights Reserved. Copyright 2022-2025 Advanced Micro Devices, Inc. All Rights Reserved.
---------------------------------------------------------------------------------------------------------------------------------------------
| Tool Version : Vivado v.2025.2 (win64) Build 6299465 Fri Nov 14 19:35:11 GMT 2025
| Date         : Sat Sep 26 19:51:31 2026
| Host         : DESKTOP-J18F25H running 64-bit major release  (build 9200)
| Command      : report_control_sets -verbose -file morse_top_control_sets_placed.rpt
| Design       : morse_top
| Device       : xc7z020
---------------------------------------------------------------------------------------------------------------------------------------------

Control Set Information

Table of Contents
-----------------
1. Summary
2. Histogram
3. Flip-Flop Distribution
4. Detailed Control Set Information

1. Summary
----------

+----------------------------------------------------------+-------+
|                          Status                          | Count |
+----------------------------------------------------------+-------+
| Total control sets                                       |     6 |
|    Minimum number of control sets                        |     6 |
|    Addition due to synthesis replication                 |     0 |
|    Addition due to physical synthesis replication        |     0 |
| Unused register locations in slices containing registers |    23 |
+----------------------------------------------------------+-------+
* Control sets can be merged at opt_design using control_set_merge or merge_equivalent_drivers
** Run report_qor_suggestions for automated merging and remapping suggestions


2. Histogram
------------

+--------------------+-------+
|       Fanout       | Count |
+--------------------+-------+
| Total control sets |     6 |
| >= 0 to < 4        |     1 |
| >= 4 to < 6        |     1 |
| >= 6 to < 8        |     0 |
| >= 8 to < 10       |     1 |
| >= 10 to < 12      |     2 |
| >= 12 to < 14      |     0 |
| >= 14 to < 16      |     0 |
| >= 16              |     1 |
+--------------------+-------+
* Control sets can be remapped at either synth_design or opt_design


3. Flip-Flop Distribution
-------------------------

+--------------+-----------------------+------------------------+-----------------+--------------+
| Clock Enable | Synchronous Set/Reset | Asynchronous Set/Reset | Total Registers | Total Slices |
+--------------+-----------------------+------------------------+-----------------+--------------+
| No           | No                    | No                     |               2 |            1 |
| No           | No                    | Yes                    |              21 |            8 |
| No           | Yes                   | No                     |               1 |            1 |
| Yes          | No                    | No                     |               0 |            0 |
| Yes          | No                    | Yes                    |               5 |            2 |
| Yes          | Yes                   | No                     |              28 |            8 |
+--------------+-----------------------+------------------------+-----------------+--------------+


4. Detailed Control Set Information
-----------------------------------

+--------------------+---------------------------------+------------------+------------------+----------------+--------------+
|    Clock Signal    |          Enable Signal          | Set/Reset Signal | Slice Load Count | Bel Load Count | Bels / Slice |
+--------------------+---------------------------------+------------------+------------------+----------------+--------------+
|  sys_clk_IBUF_BUFG |                                 |                  |                1 |              2 |         2.00 |
|  sys_clk_IBUF_BUFG | tick_inst/tick_1ms              | btn_rst_IBUF     |                2 |              5 |         2.50 |
|  sys_clk_IBUF_BUFG | fsm_inst/symbol_bits[4]_i_1_n_0 | btn_rst_IBUF     |                2 |              8 |         4.00 |
|  sys_clk_IBUF_BUFG | fsm_inst/press_ms[9]_i_1_n_0    | btn_rst_IBUF     |                3 |             10 |         3.33 |
|  sys_clk_IBUF_BUFG | fsm_inst/gap_ms[0]              | btn_rst_IBUF     |                3 |             10 |         3.33 |
|  sys_clk_IBUF_BUFG |                                 | btn_rst_IBUF     |                9 |             22 |         2.44 |
+--------------------+---------------------------------+------------------+------------------+----------------+--------------+


